{"error":"Failed to generate PDF export"}